// Jest Snapshot v1, https://goo.gl/fbAQLP

exports[`PropertyCell should render 1`] = `
<div>
  <td
    class="property-cell"
  >
    <div
      class="name"
    >
      email
    </div>
    <div
      class="table-title"
    >
      TestTest@liferay.com
    </div>
  </td>
</div>
`;
