// Jest Snapshot v1, https://goo.gl/fbAQLP

exports[`Evaluator should render default markup 1`] = `<div>Liferay</div>`;
