// Jest Snapshot v1, https://goo.gl/fbAQLP

exports[`AddDataSource should render 1`] = `
<div>
  <div
    class="settings-base-page-root add-data-source-root"
  >
    <div
      class="maintenance-alert-root"
    />
    <ol
      class="breadcrumb breadcrumbs-root"
    >
      <li
        class="breadcrumb-item"
      >
        <a
          class="breadcrumb-link breadcrumb-text-truncate"
          href="/workspace/23/settings/data-source"
        >
          Data Sources
        </a>
      </li>
      <li
        class="breadcrumb-item active"
      >
        <span
          class="breadcrumb-text-truncate"
        >
          Add Data Source
        </span>
      </li>
    </ol>
    <div
      class="content-header"
    >
      <div
        class="header-text"
      >
        <div
          class="d-flex"
        >
          <h3
            class="title-text text-truncate"
          >
            <span
              class="text-truncate"
              data-tooltip="false"
              title=""
            >
              Add Data Source
            </span>
          </h3>
        </div>
        <div
          class="description"
        >
          Add a Data Source to bring in data from various sources in to Analytics Cloud. Analytics Cloud automatic integration is supported for Liferay Portal version 7.0+. You can connect older versions of Liferay Portal by extracting data to a CSV and importing it as a CSV data source.
        </div>
      </div>
      <div
        class="page-actions-container"
      />
    </div>
    <div>
      <div
        class="select-data-source-root"
      >
        <section>
          <h4
            class="text-uppercase section-title"
          >
            Choose Source
          </h4>
          <div
            class="section-items"
          >
            <button
              class="button-root data-source-item btn btn-unstyled"
              type="button"
            >
              <div
                class="image"
              >
                <svg
                  class="lexicon-icon lexicon-icon-liferay-logo icon-root icon-size-xxxl"
                  role="presentation"
                >
                  <use
                    xlink:href="#liferay-logo"
                  />
                </svg>
              </div>
              <div
                class="details"
              >
                <div
                  class="title"
                >
                  <h4>
                    Liferay DXP
                  </h4>
                </div>
                <div
                  class="subtitle"
                >
                  Supports Liferay 7.0+
                </div>
              </div>
            </button>
          </div>
        </section>
      </div>
    </div>
  </div>
</div>
`;
