// Jest Snapshot v1, https://goo.gl/fbAQLP

exports[`CollectionInput renders collection type 1`] = `
<DocumentFragment>
  <input
    aria-label="Test label: input-a-key"
    class="form-control criterion-input"
    data-testid="collection-key-input"
    placeholder="key"
    type="text"
    value="testKey"
  />
  <input
    aria-label="Test label: input-a-value"
    class="form-control criterion-input"
    data-testid="collection-value-input"
    placeholder="value"
    type="text"
    value="testValue"
  />
</DocumentFragment>
`;
