// Jest Snapshot v1, https://goo.gl/fbAQLP

exports[`MetadataTag should render 1`] = `
<div>
  <div
    class="label label-root metadata-tag-root label-lg"
  >
    <span
      class="label-item"
    >
      og:url
    </span>
  </div>
</div>
`;
