// Jest Snapshot v1, https://goo.gl/fbAQLP

exports[`Label should render 1`] = `
<div>
  <span
    class="label label-secondary"
  >
    <span
      class="label-item label-item-expand"
    >
      Label
    </span>
  </span>
</div>
`;
