// Jest Snapshot v1, https://goo.gl/fbAQLP

exports[`OccurenceConjunctionDisplay should render 1`] = `
<div>
  <span />
  <b>
    13
  </b>
  <span>
    time(s)
  </span>
</div>
`;
