// Jest Snapshot v1, https://goo.gl/fbAQLP

exports[`ErrorPage should render 1`] = `
<div>
  <div
    class="error-page-root page-container"
  >
    <h1>
      404
    </h1>
    <h3>
      Page Not Found
    </h3>
    <p>
      The page you are looking for does not exist.
    </p>
    <a
      class="button-root btn btn-secondary"
      href="/"
    >
      Go to Home
    </a>
  </div>
</div>
`;
