// Jest Snapshot v1, https://goo.gl/fbAQLP

exports[`NoPropertiesAvailable should render 1`] = `
<div>
  <div
    class="index-root no-properties-available-root"
  >
    <div
      class="maintenance-alert-root"
    />
    <header
      class="header-root"
    >
      <div
        class="header-container"
      >
        <div
          class="row-root align-items-center d-flex justify-content-between"
        >
          <ol
            class="breadcrumb breadcrumbs-root"
          />
        </div>
        <div
          class="header-section title-section"
        >
          <span
            class="align-items-center d-flex"
          >
            <h1
              class="title text-truncate"
            >
              <span
                class="text-truncate"
                data-tooltip="false"
                title=""
              >
                No Properties Available
              </span>
            </h1>
          </span>
        </div>
      </div>
    </header>
    <div
      class="body-root page-container"
    >
      <span
        class="children-wrapper"
      >
        <div
          class="no-results-root flex-grow-1 display-card"
        >
          <div
            class="no-results-content spacer"
          >
            <div
              class="no-results-icon"
            >
              <svg
                class="lexicon-icon lexicon-icon-ac-satellite icon-root icon-size-xxxl"
                role="presentation"
              >
                <use
                  xlink:href="#ac-satellite"
                />
              </svg>
            </div>
            <h4
              class="no-results-title"
            >
              You are Almost There
            </h4>
            <div
              class="no-results-description"
            >
              <p>
                First, complete the onboarding to get your workspace set up.
              </p>
              <a
                class="button-root btn btn-primary"
              >
                Start
              </a>
            </div>
          </div>
        </div>
      </span>
    </div>
  </div>
</div>
`;
