// Jest Snapshot v1, https://goo.gl/fbAQLP

exports[`OrganizationSelectInput should render 1`] = `
<div>
  <div
    class="organization-select-input-root criteria-statement select-entity-input-root"
  >
    <div
      class="form-group form-group-autofit"
    >
      <div
        class="form-group-item entity-name form-group-item-label form-group-item-shrink"
      />
      <div
        class="form-group-item display-value form-group-item-label form-group-item-shrink"
      >
        <b>
          fooProperty
        </b>
      </div>
      <div>
        test
      </div>
      <div
        class="form-group-item"
      >
        <div
          class="input-group select-entity-group"
        >
          <div
            class="input-group-item"
          >
            <div
              class="input-group select-input-root"
            >
              <div
                class="input-group-item"
              >
                <input
                  class="input-root form-control"
                  type="text"
                  value=""
                />
              </div>
              <div
                class="selected-item-container"
              />
            </div>
          </div>
          <div
            class="input-group-item input-group-item-shrink input-group-append"
          >
            <button
              class="btn btn-secondary"
              type="button"
            >
              Select
            </button>
          </div>
        </div>
      </div>
    </div>
  </div>
</div>
`;
