// Jest Snapshot v1, https://goo.gl/fbAQLP

exports[`Chart should render 1`] = `
<div>
  <div
    class="chart-root"
  >
    <div />
  </div>
</div>
`;
