// Jest Snapshot v1, https://goo.gl/fbAQLP

exports[`DateInput should render 1`] = `
<div>
  <div
    aria-haspopup="true"
    class="input-group date-input-root"
  >
    <div
      class="input-group-item"
    >
      <input
        autocomplete="off"
        class="input-root form-control input-group-inset input-group-inset-after"
        data-testid="date-input"
        placeholder="YYYY-MM-DD"
        type="text"
        value=""
      />
      <div
        class="input-group-inset-item input-group-inset-item-after"
      >
        <button
          class="button-root btn btn-unstyled"
          type="button"
        >
          <svg
            class="lexicon-icon lexicon-icon-calendar icon-root"
            role="presentation"
          >
            <use
              xlink:href="#calendar"
            />
          </svg>
        </button>
      </div>
    </div>
  </div>
</div>
`;
