// Jest Snapshot v1, https://goo.gl/fbAQLP

exports[`EntityList should render 1`] = `
<div>
  <div
    class="entity-list-root"
  >
    <ul
      class="list-group list-group-root show-quick-actions-on-hover"
    >
      <li
        class="list-group-item list-group-item-flex"
      >
        <div
          class="autofit-col"
        >
          <div
            class="sticker sticker-root sticker-static avatar-root sticker-circle sticker-chartRed"
          >
            FB
          </div>
        </div>
        <div
          class="autofit-col justify-content-center autofit-col-expand"
        >
          <span
            class="text-truncate"
            data-tooltip="false"
            title=""
          >
            <strong>
              <a
                class="list-group-link"
                href="/workspace/23/contacts/individuals/0"
              >
                Foo Bar
              </a>
            </strong>
          </span>
          <div
            class="secondary-info"
          >
            Developer at N/A
          </div>
        </div>
      </li>
      <li
        class="list-group-item list-group-item-flex"
      >
        <div
          class="autofit-col"
        >
          <div
            class="sticker sticker-root sticker-static avatar-root sticker-circle sticker-chartSeaGreen"
          >
            FB
          </div>
        </div>
        <div
          class="autofit-col justify-content-center autofit-col-expand"
        >
          <span
            class="text-truncate"
            data-tooltip="false"
            title=""
          >
            <strong>
              <a
                class="list-group-link"
                href="/workspace/23/contacts/individuals/1"
              >
                Foo Bar
              </a>
            </strong>
          </span>
          <div
            class="secondary-info"
          >
            Developer at N/A
          </div>
        </div>
      </li>
      <li
        class="list-group-item list-group-item-flex"
      >
        <div
          class="autofit-col"
        >
          <div
            class="sticker sticker-root sticker-static avatar-root sticker-circle sticker-chartBlue"
          >
            FB
          </div>
        </div>
        <div
          class="autofit-col justify-content-center autofit-col-expand"
        >
          <span
            class="text-truncate"
            data-tooltip="false"
            title=""
          >
            <strong>
              <a
                class="list-group-link"
                href="/workspace/23/contacts/individuals/2"
              >
                Foo Bar
              </a>
            </strong>
          </span>
          <div
            class="secondary-info"
          >
            Developer at N/A
          </div>
        </div>
      </li>
    </ul>
  </div>
</div>
`;
