// Jest Snapshot v1, https://goo.gl/fbAQLP

exports[`TitleEditor should render 1`] = `
<div>
  <div
    class="title-editor-root"
  >
    <input
      class="title-input hide"
      required=""
      type="text"
      value=""
    />
    <div
      class="title-display placeholder-display"
    >
      <span
        class="title-value"
        role="button"
        tabindex="0"
      />
      <button
        aria-label="Edit"
        class="button-root btn btn-outline-borderless btn-sm btn-outline-unstyled"
        type="button"
      >
        <svg
          class="lexicon-icon lexicon-icon-pencil icon-root"
          role="presentation"
        >
          <use
            xlink:href="#pencil"
          />
        </svg>
      </button>
    </div>
  </div>
</div>
`;
