// Jest Snapshot v1, https://goo.gl/fbAQLP

exports[`PercentOfCell render 1`] = `
<div>
  <ul
    class="percentage-column"
  >
    <li>
      0%
    </li>
  </ul>
</div>
`;
