// Jest Snapshot v1, https://goo.gl/fbAQLP

exports[`Form should render a Form 1`] = `<div />`;

exports[`Form should render a Form Group 1`] = `
<div>
  <div
    class="form-group"
  />
</div>
`;
