// Jest Snapshot v1, https://goo.gl/fbAQLP

exports[`BaseListPage should render 1`] = `
<div>
  <div
    class="index-root"
  >
    <div
      class="maintenance-alert-root"
    />
    <header
      class="header-root"
    >
      <div
        class="header-container"
      >
        <div
          class="row-root align-items-center d-flex justify-content-between"
        >
          <ol
            class="breadcrumb breadcrumbs-root"
          >
            <li
              class="breadcrumb-item"
            >
              <a
                class="breadcrumb-link breadcrumb-text-truncate"
                href="/workspace/23/123123/sites"
              >
                Channel 1
              </a>
            </li>
          </ol>
        </div>
        <div
          class="row-root align-items-center d-flex justify-content-between"
        >
          <div
            class="header-section title-section"
          >
            <span
              class="align-items-center d-flex"
            >
              <h1
                class="title text-truncate"
              >
                <span
                  class="text-truncate"
                  data-tooltip="false"
                  title=""
                >
                  Accounts
                </span>
              </h1>
            </span>
          </div>
          <div
            class="header-section"
          />
        </div>
      </div>
    </header>
    <div
      class="body-root page-container"
    >
      <span
        class="children-wrapper"
      >
        <div
          class="embedded-alert-list-root"
        />
        <div
          class="card card-root page-display"
        >
          <div
            class="card-body no-padding"
          >
            <div
              class="base-results-root d-flex flex-column flex-grow-1 searchable-table-root searchable-table-borderless"
            >
              <div
                class="toolbar-root"
              >
                <nav
                  class="navbar navbar-root management-bar management-bar-light navbar-expand"
                >
                  <div
                    class="container-fluid"
                  >
                    <ul
                      class="nav-root front-nav navbar-nav"
                      role="tablist"
                    >
                      <li
                        aria-haspopup="true"
                        class="dropdown dropdown-root filter-and-order-root nav-item"
                      >
                        <button
                          class="button-root dropdown-toggle nav-btn show-caret btn btn-unstyled"
                          data-testid="filter-and-order-button"
                          type="button"
                        >
                          <span
                            class="text-truncate"
                          >
                            Order
                          </span>
                          
                          <span
                            class="caret-root"
                          >
                            <svg
                              class="lexicon-icon lexicon-icon-caret-bottom icon-root"
                              role="presentation"
                            >
                              <use
                                xlink:href="#caret-bottom"
                              />
                            </svg>
                          </span>
                        </button>
                      </li>
                      <li
                        class="nav-item"
                        role="presentation"
                      >
                        <a
                          class="btn-root nav-link nav-link-monospaced btn btn-outline-borderless btn-outline-unstyled"
                          href="/?field=name&page=1&sortOrder=DESC"
                        >
                          <svg
                            class="lexicon-icon lexicon-icon-order-arrow-ascending icon-root"
                            role="presentation"
                          >
                            <use
                              xlink:href="#order-arrow-ascending"
                            />
                          </svg>
                        </a>
                      </li>
                    </ul>
                    <div
                      class="navbar-form navbar-form-autofit"
                    >
                      <div
                        class="input-group search"
                      >
                        <div
                          class="input-group-item"
                        >
                          <input
                            class="input-root form-control input-group-inset input-group-inset-after"
                            placeholder="Search"
                            type="text"
                            value=""
                          />
                          <div
                            class="input-group-inset-item input-group-inset-item-after"
                          >
                            <button
                              class="button-root btn btn-unstyled"
                              type="button"
                            >
                              <svg
                                class="lexicon-icon lexicon-icon-search icon-root"
                                role="presentation"
                              >
                                <use
                                  xlink:href="#search"
                                />
                              </svg>
                            </button>
                          </div>
                        </div>
                      </div>
                    </div>
                  </div>
                </nav>
              </div>
              <div
                class="table-responsive table-root flex-grow-1"
              >
                <table
                  class="table table-autofit table-hover table-heading-nowrap table-nowrap"
                >
                  <thead>
                    <tr>
                      <th
                        class="table-head-title"
                      >
                        <a
                          class="button-root inline-item text-truncate-inline btn btn-unstyled"
                          href="/?field=name&page=1&sortOrder=DESC"
                        >
                          <span
                            class="text-truncate"
                          >
                            Name
                          </span>
                          <span
                            class="inline-item inline-item-after"
                          >
                            <svg
                              class="lexicon-icon lexicon-icon-order-arrow-up icon-root"
                              role="presentation"
                            >
                              <use
                                xlink:href="#order-arrow-up"
                              />
                            </svg>
                          </span>
                        </a>
                      </th>
                      <th
                        class="table-head-title"
                      >
                        <a
                          class="button-root inline-item text-truncate-inline btn btn-unstyled"
                          href="/?field=id&page=1&sortOrder=ASC"
                        >
                          <span
                            class="text-truncate"
                          >
                            Id
                          </span>
                        </a>
                      </th>
                    </tr>
                  </thead>
                  <tbody>
                    <tr
                      class=""
                    >
                      <td>
                        account0
                      </td>
                      <td>
                        0
                      </td>
                    </tr>
                    <tr
                      class=""
                    >
                      <td>
                        account1
                      </td>
                      <td>
                        1
                      </td>
                    </tr>
                    <tr
                      class=""
                    >
                      <td>
                        account2
                      </td>
                      <td>
                        2
                      </td>
                    </tr>
                    <tr
                      class=""
                    >
                      <td>
                        account3
                      </td>
                      <td>
                        3
                      </td>
                    </tr>
                    <tr
                      class=""
                    >
                      <td>
                        account4
                      </td>
                      <td>
                        4
                      </td>
                    </tr>
                  </tbody>
                </table>
              </div>
              <nav
                class="navbar navbar-root pagination-bar-root"
              >
                <div
                  class="container-fluid"
                >
                  <div
                    aria-haspopup="true"
                    class="dropdown dropdown-root pagination-items-per-page"
                  >
                    <button
                      class="button-root dropdown-toggle show-caret btn btn-sm btn-unstyled"
                      type="button"
                    >
                      <span
                        class="text-truncate"
                      >
                        2 Items
                      </span>
                      
                      <span
                        class="caret-root"
                      >
                        <svg
                          class="lexicon-icon lexicon-icon-caret-bottom icon-root"
                          role="presentation"
                        >
                          <use
                            xlink:href="#caret-bottom"
                          />
                        </svg>
                      </span>
                    </button>
                  </div>
                  <div
                    class="pagination-results"
                  >
                    Showing 1 to 2 of 5 entries.
                  </div>
                  <ul
                    class="pagination pagination-root"
                  >
                    <li
                      class="page-item disabled"
                    >
                      <a
                        class="button-root page-link btn btn-unstyled"
                        disabled=""
                        href="/?page=0"
                      >
                        <svg
                          class="lexicon-icon lexicon-icon-angle-left icon-root"
                          role="presentation"
                        >
                          <use
                            xlink:href="#angle-left"
                          />
                        </svg>
                      </a>
                    </li>
                    <li
                      class="page-item active"
                    >
                      <a
                        class="button-root page-link btn btn-unstyled"
                        href="/?page=1"
                      >
                        1
                      </a>
                    </li>
                    <li
                      class="page-item"
                    >
                      <a
                        class="button-root page-link btn btn-unstyled"
                        href="/?page=2"
                      >
                        2
                      </a>
                    </li>
                    <li
                      class="page-item"
                    >
                      <a
                        class="button-root page-link btn btn-unstyled"
                        href="/?page=3"
                      >
                        3
                      </a>
                    </li>
                    <li
                      class="page-item"
                    >
                      <a
                        class="button-root page-link btn btn-unstyled"
                        href="/?page=2"
                      >
                        <svg
                          class="lexicon-icon lexicon-icon-angle-right icon-root"
                          role="presentation"
                        >
                          <use
                            xlink:href="#angle-right"
                          />
                        </svg>
                      </a>
                    </li>
                  </ul>
                </div>
              </nav>
            </div>
          </div>
        </div>
      </span>
    </div>
  </div>
</div>
`;
