// Jest Snapshot v1, https://goo.gl/fbAQLP

exports[`MatchingPagesModal should render 1`] = `
<div>
  <div
    aria-modal="true"
    class="modal-dialog matching-pages-modal-root modal-xl"
    role="dialog"
  >
    <div
      class="modal-content"
    >
      <div
        class="modal-header"
      >
        <h4
          class="modal-title"
        >
          Matching Pages
        </h4>
      </div>
      <div
        class="modal-body"
      />
      <div
        class="d-flex flex-column flex-grow-1 justify-content-between"
      >
        <div
          class="toolbar-root"
        >
          <nav
            class="navbar navbar-root management-bar management-bar-light navbar-expand"
          >
            <div
              class="container-fluid"
            >
              <ul
                class="nav-root front-nav navbar-nav"
                role="tablist"
              />
              <div
                class="navbar-form navbar-form-autofit"
              >
                <div
                  class="input-group search"
                >
                  <div
                    class="input-group-item"
                  >
                    <input
                      class="input-root form-control input-group-inset input-group-inset-after"
                      placeholder="Search"
                      type="text"
                      value=""
                    />
                    <div
                      class="input-group-inset-item input-group-inset-item-after"
                    >
                      <button
                        class="button-root btn btn-unstyled"
                        type="button"
                      >
                        <svg
                          class="icon-root lexicon-icon lexicon-icon-search"
                          viewBox=""
                        >
                          <use
                            xlink:href="/o/osb-faro-web/dist/sprite.svg#search"
                          />
                        </svg>
                      </button>
                    </div>
                  </div>
                </div>
              </div>
            </div>
          </nav>
        </div>
        <div
          class="error-display-root flex-grow-1 error-spacer no-results-root flex-grow-1"
        >
          <div
            class="no-results-content"
          >
            <h4
              class="no-results-title"
            >
              An unexpected error occurred.
            </h4>
            <button
              class="button-root btn btn-secondary"
              type="button"
            >
              Reload
            </button>
          </div>
        </div>
      </div>
      <div
        class="modal-footer"
      >
        <button
          class="button-root btn btn-primary"
          type="button"
        >
          Done
        </button>
      </div>
    </div>
  </div>
</div>
`;
