// Jest Snapshot v1, https://goo.gl/fbAQLP

exports[`ContributionsCell should render 1`] = `
<div>
  <td
    class="table-cell-expand"
  >
    <span
      class="text-truncate"
      data-tooltip="false"
      title=""
    >
      8 Contributing Pages
    </span>
  </td>
</div>
`;

exports[`Interests should render 1`] = `
<div>
  <div
    class="card card-root page-display"
  >
    <div
      class="base-results-root d-flex flex-column flex-grow-1 searchable-table-root interest-history-table searchable-table-borderless"
    >
      <div
        class="toolbar-root"
      >
        <nav
          class="navbar navbar-root management-bar management-bar-light navbar-expand"
        >
          <div
            class="container-fluid"
          >
            <ul
              class="nav-root front-nav navbar-nav"
              role="tablist"
            >
              <li
                aria-haspopup="true"
                class="dropdown dropdown-root filter-and-order-root nav-item"
              >
                <button
                  class="button-root btn btn-unstyled dropdown-toggle nav-btn show-caret"
                  data-testid="filter-and-order-button"
                  type="button"
                >
                  <span
                    class="text-truncate"
                  >
                    Order
                  </span>
                  
                  <span
                    class="caret-root"
                  >
                    <svg
                      class="icon-root lexicon-icon lexicon-icon-caret-bottom"
                      viewBox=""
                    >
                      <use
                        xlink:href="/o/osb-faro-web/dist/sprite.svg#caret-bottom"
                      />
                    </svg>
                  </span>
                </button>
              </li>
              <li
                class="nav-item"
                role="presentation"
              >
                <a
                  class="button-root btn btn-unstyled nav-link nav-link-monospaced btn-outline-borderless"
                  href="/?field=count&page=1&sortOrder=ASC"
                >
                  <svg
                    class="icon-root lexicon-icon lexicon-icon-order-arrow-descending"
                    viewBox=""
                  >
                    <use
                      xlink:href="/o/osb-faro-web/dist/sprite.svg#order-arrow-descending"
                    />
                  </svg>
                </a>
              </li>
            </ul>
            <div
              class="navbar-form navbar-form-autofit"
            >
              <div
                class="input-group search"
              >
                <div
                  class="input-group-item"
                >
                  <input
                    class="input-root form-control input-group-inset input-group-inset-after"
                    placeholder="Search"
                    type="text"
                    value=""
                  />
                  <div
                    class="input-group-inset-item input-group-inset-item-after"
                  >
                    <button
                      class="button-root btn btn-unstyled"
                      type="button"
                    >
                      <svg
                        class="icon-root lexicon-icon lexicon-icon-search"
                        viewBox=""
                      >
                        <use
                          xlink:href="/o/osb-faro-web/dist/sprite.svg#search"
                        />
                      </svg>
                    </button>
                  </div>
                </div>
              </div>
            </div>
          </div>
        </nav>
      </div>
      <div
        class="table-responsive table-root flex-grow-1"
      >
        <table
          class="table table-autofit table-hover table-heading-nowrap table-nowrap"
        >
          <thead>
            <tr>
              <th
                class="table-head-title"
              >
                <a
                  class="button-root btn btn-unstyled inline-item text-truncate-inline"
                  href="/?field=name&page=1&sortOrder=ASC"
                >
                  <span
                    class="text-truncate"
                  >
                    Interest
                  </span>
                </a>
              </th>
              <th
                class="table-head-title"
              >
                Contributing Pages
              </th>
            </tr>
          </thead>
          <tbody>
            <tr
              class=""
            >
              <td
                class="name-cell-root"
              >
                <div
                  class="content-container"
                >
                  <div
                    class="text-truncate"
                  >
                    <div
                      class="table-title text-truncate"
                    >
                      <a
                        class="text-truncate"
                        href="/workspace/23/123/contacts/individuals/known-individuals/test/interests/Bar0"
                      >
                        Bar0
                      </a>
                    </div>
                  </div>
                </div>
              </td>
              <td
                class="table-cell-expand"
              >
                <span
                  class="text-truncate"
                  data-tooltip="false"
                  title=""
                >
                  8 Contributing Pages
                </span>
              </td>
            </tr>
          </tbody>
        </table>
      </div>
      <nav
        class="navbar navbar-root pagination-bar-root"
      >
        <div
          class="container-fluid"
        >
          <div
            aria-haspopup="true"
            class="dropdown dropdown-root pagination-items-per-page"
          >
            <button
              class="button-root btn btn-secondary dropdown-toggle show-caret btn-sm"
              type="button"
            >
              <span
                class="text-truncate"
              >
                2 Items
              </span>
              
              <span
                class="caret-root"
              >
                <svg
                  class="icon-root lexicon-icon lexicon-icon-caret-bottom"
                  viewBox=""
                >
                  <use
                    xlink:href="/o/osb-faro-web/dist/sprite.svg#caret-bottom"
                  />
                </svg>
              </span>
            </button>
          </div>
          <div
            class="pagination-results"
          >
            Showing 1 to 1 of 1 entry.
          </div>
          <ul
            class="pagination pagination-root"
          >
            <li
              class="page-item disabled"
            >
              <a
                class="button-root btn btn-unstyled page-link link-disabled"
              >
                <svg
                  class="icon-root lexicon-icon lexicon-icon-angle-left"
                  viewBox=""
                >
                  <use
                    xlink:href="/o/osb-faro-web/dist/sprite.svg#angle-left"
                  />
                </svg>
              </a>
            </li>
            <li
              class="page-item active"
            >
              <a
                class="button-root btn btn-unstyled page-link"
                href="/?page=1"
              >
                1
              </a>
            </li>
            <li
              class="page-item disabled"
            >
              <a
                class="button-root btn btn-unstyled page-link link-disabled"
              >
                <svg
                  class="icon-root lexicon-icon lexicon-icon-angle-right"
                  viewBox=""
                >
                  <use
                    xlink:href="/o/osb-faro-web/dist/sprite.svg#angle-right"
                  />
                </svg>
              </a>
            </li>
          </ul>
        </div>
      </nav>
    </div>
  </div>
</div>
`;
