// Jest Snapshot v1, https://goo.gl/fbAQLP

exports[`RuleList shows message when rule list is empty 1`] = `
<div class="form-builder-rule-builder-container">
  <h1 class="form-builder-section-title text-default">rule-builder</h1>
  <div class="liferay-ddm-form-rule-rules-list-container">
    <div class="ddm-rule-list-container form-builder-rule-list">
      <div class="main-content-body">
        <div class="sheet taglib-empty-result-message">
          <div class="taglib-empty-result-message-header"></div>
          <div class="sheet-text text-center text-muted">
            <p class="text-default">there-are-no-rules-yet-click-on-plus-icon-below-to-add-the-first</p>
          </div>
        </div>
      </div>
    </div>
  </div>
</div>
`;

exports[`RuleList shows rule list 1`] = `
<div class="form-builder-rule-builder-container">
  <h1 class="form-builder-section-title text-default">rule-builder</h1>
  <div class="liferay-ddm-form-rule-rules-list-container">
    <div class="ddm-rule-list-container form-builder-rule-list">
      <ul class="ddm-form-body-content form-builder-rule-builder-rules-list tabular-list-group">
        <li class="list-group-item">
          <div class="clamp-horizontal list-group-item-content">
            <p class="form-builder-rule-builder-rule-description text-default"><b>if </b>
              <div class="ddm-condition-container"><span>field </span><span class="label label-lg label-secondary" data-original-title="label text 1" title="label text 1"><span class="text-truncate-inline"><span class="text-truncate">label text 1</span></span></span></div><b class="text-lowercase"><em> contains </em></b>
              <div class="ddm-condition-container"><span class="label label-lg label-secondary" data-original-title="value 2" title="value 2"><span class="text-truncate-inline"><span class="text-truncate">value 2</span></span></span></div><br><b> or </b>
              <div class="ddm-condition-container"><span>field </span><span class="label label-lg label-secondary" data-original-title="label text 1" title="label text 1"><span class="text-truncate-inline"><span class="text-truncate">label text 1</span></span></span></div><b class="text-lowercase"><em> is-equal-to </em></b>
              <div class="ddm-condition-container"><span>field </span><span class="label label-lg label-secondary" data-original-title="label text 2" title="label text 2"><span class="text-truncate-inline"><span class="text-truncate">label text 2</span></span></span></div><br><span><b>require </b></span><span class="label label-lg label-secondary" data-original-title="label text 1" title="label text 1"><span class="text-truncate-inline"><span class="text-truncate">label text 1</span></span></span>
            </p>
          </div>
          <div class="list-group-item-field">
            <div class="card-col-field">
              <div class="dropdown dropdown-action">
                <div class="ddm-rule-list-settings" data-card-id="0">
                  <div class="dropdown dropdown-action"><button aria-expanded="false" aria-haspopup="true" class="dropdown-toggle btn btn-unstyled" ref="triggerButton" title="actions" type="button"><svg class="lexicon-icon lexicon-icon-ellipsis-v" focusable="false" role="presentation">
                        <use xlink:href="icons.svg#ellipsis-v"></use>
                      </svg></button></div><button class="component-action cursor-pointer dropdown-toggle" data-rule-index="0"><svg class="lexicon-icon lexicon-icon-ellipsis-v" focusable="false" role="presentation">
                      <use xlink:href="icons.svg#ellipsis-v"></use>
                    </svg></button>
                </div>
              </div>
            </div>
          </div>
        </li>
        <li class="list-group-item">
          <div class="clamp-horizontal list-group-item-content">
            <p class="form-builder-rule-builder-rule-description text-default"><b>if </b>
              <div class="ddm-condition-container"><span>field </span><span class="label label-lg label-secondary" data-original-title="label text 1" title="label text 1"><span class="text-truncate-inline"><span class="text-truncate">label text 1</span></span></span></div><b class="text-lowercase"><em> is-not-equal-to </em></b>
              <div class="ddm-condition-container"><span class="label label-lg label-secondary" data-original-title="value 3" title="value 3"><span class="text-truncate-inline"><span class="text-truncate">value 3</span></span></span></div><br><span><b>show </b></span><span class="label label-lg label-secondary" data-original-title="label text 2" title="label text 2"><span class="text-truncate-inline"><span class="text-truncate">label text 2</span></span></span>
            </p>
          </div>
          <div class="list-group-item-field">
            <div class="card-col-field">
              <div class="dropdown dropdown-action">
                <div class="ddm-rule-list-settings" data-card-id="1">
                  <div class="dropdown dropdown-action"><button aria-expanded="false" aria-haspopup="true" class="dropdown-toggle btn btn-unstyled" ref="triggerButton" title="actions" type="button"><svg class="lexicon-icon lexicon-icon-ellipsis-v" focusable="false" role="presentation">
                        <use xlink:href="icons.svg#ellipsis-v"></use>
                      </svg></button></div><button class="component-action cursor-pointer dropdown-toggle" data-rule-index="1"><svg class="lexicon-icon lexicon-icon-ellipsis-v" focusable="false" role="presentation">
                      <use xlink:href="icons.svg#ellipsis-v"></use>
                    </svg></button>
                </div>
              </div>
            </div>
          </div>
        </li>
      </ul>
    </div>
  </div>
</div>
<div class="dropdown-menu" ref="menu">
  <ul class="list-unstyled">
    <li tabindex="-1"><button class="btn dropdown-item btn-sm btn-link" aria-label="edit" type="button">edit</button></li>
    <li tabindex="-1"><button class="btn dropdown-item btn-sm btn-link" aria-label="delete" type="button">delete</button></li>
  </ul>
</div>
<div class="dropdown-menu" ref="menu">
  <ul class="list-unstyled">
    <li tabindex="-1"><button class="btn dropdown-item btn-sm btn-link" aria-label="edit" type="button">edit</button></li>
    <li tabindex="-1"><button class="btn dropdown-item btn-sm btn-link" aria-label="delete" type="button">delete</button></li>
  </ul>
</div>
`;

exports[`RuleList shows the label broken rule when a rule is incomplete 1`] = `
<div class="form-builder-rule-builder-container">
  <h1 class="form-builder-section-title text-default">rule-builder</h1>
  <div class="liferay-ddm-form-rule-rules-list-container">
    <div class="ddm-rule-list-container form-builder-rule-list">
      <ul class="ddm-form-body-content form-builder-rule-builder-rules-list tabular-list-group">
        <li class="list-group-item">
          <div class="clamp-horizontal list-group-item-content">
            <p class="form-builder-rule-builder-rule-description text-default"><b>if </b>
              <div class="ddm-condition-container"><span>field </span><span class="label label-lg label-secondary" data-original-title="label text 1" title="label text 1"><span class="text-truncate-inline"><span class="text-truncate">label text 1</span></span></span></div><b class="text-lowercase"><em> contains </em></b>
              <div class="ddm-condition-container"><span class="label label-lg label-secondary" data-original-title="" title=""><span class="text-truncate-inline"><span class="text-truncate"></span></span></span></div><br><b> or </b>
              <div class="ddm-condition-container"><span>field </span><span class="label label-lg label-secondary" data-original-title="label text 1" title="label text 1"><span class="text-truncate-inline"><span class="text-truncate">label text 1</span></span></span></div><b class="text-lowercase"><em> is-equal-to </em></b>
              <div class="ddm-condition-container"><span>field </span><span class="label label-lg label-secondary" data-original-title="label text 2" title="label text 2"><span class="text-truncate-inline"><span class="text-truncate">label text 2</span></span></span></div><br><span><b>require </b></span><span class="label label-lg label-secondary" data-original-title="label text 1" title="label text 1"><span class="text-truncate-inline"><span class="text-truncate">label text 1</span></span></span>
            </p>
          </div>
          <div class="list-group-item-field">
            <div class="card-col-field">
              <div class="invalid-rule" title="due-to-missing-fields"><span class="label label-danger"><span class="label-item label-item-expand">broken-rule</span></span></div>
              <div class="dropdown dropdown-action">
                <div class="ddm-rule-list-settings" data-card-id="0">
                  <div class="dropdown dropdown-action"><button aria-expanded="false" aria-haspopup="true" class="dropdown-toggle btn btn-unstyled" ref="triggerButton" title="actions" type="button"><svg class="lexicon-icon lexicon-icon-ellipsis-v" focusable="false" role="presentation">
                        <use xlink:href="icons.svg#ellipsis-v"></use>
                      </svg></button></div><button class="component-action cursor-pointer dropdown-toggle" data-rule-index="0"><svg class="lexicon-icon lexicon-icon-ellipsis-v" focusable="false" role="presentation">
                      <use xlink:href="icons.svg#ellipsis-v"></use>
                    </svg></button>
                </div>
              </div>
            </div>
          </div>
        </li>
      </ul>
    </div>
  </div>
</div>
<div class="dropdown-menu" ref="menu">
  <ul class="list-unstyled">
    <li tabindex="-1"><button class="btn dropdown-item btn-sm btn-link" aria-label="edit" type="button">edit</button></li>
    <li tabindex="-1"><button class="btn dropdown-item btn-sm btn-link" aria-label="delete" type="button">delete</button></li>
  </ul>
</div>
`;
